// Jest Snapshot v1, https://goo.gl/fbAQLP

exports[`<ExtensionFrame /> when in config mode renders correctly 1`] = `
ShallowWrapper {
  "length": 1,
  Symbol(enzyme.__root__): [Circular],
  Symbol(enzyme.__unrendered__): <ExtensionFrame
    bindIframeToParent={[Function]}
    channelId="twitch"
    className="view"
    extension={
        Object {
            "authorName": "test",
            "bitsEnabled": false,
            "clientId": "mockClientId",
            "description": "description",
            "iconUrl": "iconUrl",
            "iconUrls": Object {
              "square100": "100x100",
            },
            "id": "id",
            "name": "name",
            "requestIdentityLink": false,
            "sku": "sku",
            "state": "Released",
            "summary": "summary",
            "token": "token",
            "vendorCode": "vendorCode",
            "version": "0.1",
            "views": Object {
              "component": Object {
                "aspectHeight": 3000,
                "aspectWidth": 2500,
                "canLinkExternalContent": false,
                "viewerUrl": "https://test:8080",
                "zoom": false,
                "zoomPixels": 100,
              },
              "config": Object {
                "canLinkExternalContent": false,
                "viewerUrl": "https://test:8080",
              },
              "liveConfig": Object {
                "canLinkExternalContent": false,
                "viewerUrl": "https://test:8080",
              },
              "mobile": Object {
                "viewerUrl": "https://test:8080",
              },
              "panel": Object {
                "canLinkExternalContent": false,
                "height": 300,
                "viewerUrl": "https://test:8080",
              },
              "videoOverlay": Object {
                "canLinkExternalContent": false,
                "viewerUrl": "https://test:8080",
              },
            },
            "whitelistedConfigUrls": Array [
              "foo",
            ],
            "whitelistedPanelUrls": Array [
              "bar",
            ],
          }
    }
    frameId="0"
    iframe=""
    installationAbilities={
        Object {
            "isChatEnabled": true,
          }
    }
    isPopout={false}
    mode="config"
    type="config"
/>,
  Symbol(enzyme.__renderer__): Object {
    "batchedUpdates": [Function],
    "getNode": [Function],
    "render": [Function],
    "simulateEvent": [Function],
    "unmount": [Function],
  },
  Symbol(enzyme.__node__): Object {
    "instance": null,
    "key": undefined,
    "nodeType": "host",
    "props": Object {
      "className": "rig-frame extension-frame",
      "frameBorder": 0,
      "src": "/extension-frame.html",
      "title": "0",
    },
    "ref": [Function],
    "rendered": null,
    "type": "iframe",
  },
  Symbol(enzyme.__nodes__): Array [
    Object {
      "instance": null,
      "key": undefined,
      "nodeType": "host",
      "props": Object {
        "className": "rig-frame extension-frame",
        "frameBorder": 0,
        "src": "/extension-frame.html",
        "title": "0",
      },
      "ref": [Function],
      "rendered": null,
      "type": "iframe",
    },
  ],
  Symbol(enzyme.__options__): Object {
    "adapter": ReactSixteenAdapter {
      "options": Object {
        "enableComponentDidUpdateOnSetState": true,
      },
    },
  },
}
`;

exports[`<ExtensionFrame /> when in live config mode renders correctly 1`] = `
ShallowWrapper {
  "length": 1,
  Symbol(enzyme.__root__): [Circular],
  Symbol(enzyme.__unrendered__): <ExtensionFrame
    bindIframeToParent={[Function]}
    channelId="twitch"
    className="view"
    extension={
        Object {
            "authorName": "test",
            "bitsEnabled": false,
            "clientId": "mockClientId",
            "description": "description",
            "iconUrl": "iconUrl",
            "iconUrls": Object {
              "square100": "100x100",
            },
            "id": "id",
            "name": "name",
            "requestIdentityLink": false,
            "sku": "sku",
            "state": "Released",
            "summary": "summary",
            "token": "token",
            "vendorCode": "vendorCode",
            "version": "0.1",
            "views": Object {
              "component": Object {
                "aspectHeight": 3000,
                "aspectWidth": 2500,
                "canLinkExternalContent": false,
                "viewerUrl": "https://test:8080",
                "zoom": false,
                "zoomPixels": 100,
              },
              "config": Object {
                "canLinkExternalContent": false,
                "viewerUrl": "https://test:8080",
              },
              "liveConfig": Object {
                "canLinkExternalContent": false,
                "viewerUrl": "https://test:8080",
              },
              "mobile": Object {
                "viewerUrl": "https://test:8080",
              },
              "panel": Object {
                "canLinkExternalContent": false,
                "height": 300,
                "viewerUrl": "https://test:8080",
              },
              "videoOverlay": Object {
                "canLinkExternalContent": false,
                "viewerUrl": "https://test:8080",
              },
            },
            "whitelistedConfigUrls": Array [
              "foo",
            ],
            "whitelistedPanelUrls": Array [
              "bar",
            ],
          }
    }
    frameId="0"
    iframe=""
    installationAbilities={
        Object {
            "isChatEnabled": true,
          }
    }
    isPopout={false}
    mode="dashboard"
    type="liveConfig"
/>,
  Symbol(enzyme.__renderer__): Object {
    "batchedUpdates": [Function],
    "getNode": [Function],
    "render": [Function],
    "simulateEvent": [Function],
    "unmount": [Function],
  },
  Symbol(enzyme.__node__): Object {
    "instance": null,
    "key": undefined,
    "nodeType": "host",
    "props": Object {
      "className": "rig-frame extension-frame",
      "frameBorder": 0,
      "src": "/extension-frame.html",
      "title": "0",
    },
    "ref": [Function],
    "rendered": null,
    "type": "iframe",
  },
  Symbol(enzyme.__nodes__): Array [
    Object {
      "instance": null,
      "key": undefined,
      "nodeType": "host",
      "props": Object {
        "className": "rig-frame extension-frame",
        "frameBorder": 0,
        "src": "/extension-frame.html",
        "title": "0",
      },
      "ref": [Function],
      "rendered": null,
      "type": "iframe",
    },
  ],
  Symbol(enzyme.__options__): Object {
    "adapter": ReactSixteenAdapter {
      "options": Object {
        "enableComponentDidUpdateOnSetState": true,
      },
    },
  },
}
`;

exports[`<ExtensionFrame /> when in live config mode renders correctly 2`] = `
ShallowWrapper {
  "length": 1,
  Symbol(enzyme.__root__): [Circular],
  Symbol(enzyme.__unrendered__): <ExtensionFrame
    bindIframeToParent={[Function]}
    channelId="twitch"
    className="view"
    extension={
        Object {
            "authorName": "test",
            "bitsEnabled": false,
            "clientId": "mockClientId",
            "description": "description",
            "iconUrl": "iconUrl",
            "iconUrls": Object {
              "square100": "100x100",
            },
            "id": "id",
            "name": "name",
            "requestIdentityLink": false,
            "sku": "sku",
            "state": "Released",
            "summary": "summary",
            "token": "token",
            "vendorCode": "vendorCode",
            "version": "0.1",
            "views": Object {
              "component": Object {
                "aspectHeight": 3000,
                "aspectWidth": 2500,
                "canLinkExternalContent": false,
                "viewerUrl": "https://test:8080",
                "zoom": false,
                "zoomPixels": 100,
              },
              "config": Object {
                "canLinkExternalContent": false,
                "viewerUrl": "https://test:8080",
              },
              "liveConfig": Object {
                "canLinkExternalContent": false,
                "viewerUrl": "https://test:8080",
              },
              "mobile": Object {
                "viewerUrl": "https://test:8080",
              },
              "panel": Object {
                "canLinkExternalContent": false,
                "height": 300,
                "viewerUrl": "https://test:8080",
              },
              "videoOverlay": Object {
                "canLinkExternalContent": false,
                "viewerUrl": "https://test:8080",
              },
            },
            "whitelistedConfigUrls": Array [
              "foo",
            ],
            "whitelistedPanelUrls": Array [
              "bar",
            ],
          }
    }
    frameId="0"
    iframe=""
    installationAbilities={
        Object {
            "isChatEnabled": true,
          }
    }
    isPopout={false}
    mode="dashboard"
    type="liveConfig"
/>,
  Symbol(enzyme.__renderer__): Object {
    "batchedUpdates": [Function],
    "getNode": [Function],
    "render": [Function],
    "simulateEvent": [Function],
    "unmount": [Function],
  },
  Symbol(enzyme.__node__): Object {
    "instance": null,
    "key": undefined,
    "nodeType": "host",
    "props": Object {
      "className": "rig-frame extension-frame",
      "frameBorder": 0,
      "src": "/extension-frame.html",
      "title": "0",
    },
    "ref": [Function],
    "rendered": null,
    "type": "iframe",
  },
  Symbol(enzyme.__nodes__): Array [
    Object {
      "instance": null,
      "key": undefined,
      "nodeType": "host",
      "props": Object {
        "className": "rig-frame extension-frame",
        "frameBorder": 0,
        "src": "/extension-frame.html",
        "title": "0",
      },
      "ref": [Function],
      "rendered": null,
      "type": "iframe",
    },
  ],
  Symbol(enzyme.__options__): Object {
    "adapter": ReactSixteenAdapter {
      "options": Object {
        "enableComponentDidUpdateOnSetState": true,
      },
    },
  },
}
`;

exports[`<ExtensionFrame /> when in panel mode renders correctly 1`] = `
ShallowWrapper {
  "length": 1,
  Symbol(enzyme.__root__): [Circular],
  Symbol(enzyme.__unrendered__): <ExtensionFrame
    bindIframeToParent={[Function]}
    channelId="twitch"
    className="view"
    extension={
        Object {
            "authorName": "test",
            "bitsEnabled": false,
            "clientId": "mockClientId",
            "description": "description",
            "iconUrl": "iconUrl",
            "iconUrls": Object {
              "square100": "100x100",
            },
            "id": "id",
            "name": "name",
            "requestIdentityLink": false,
            "sku": "sku",
            "state": "Released",
            "summary": "summary",
            "token": "token",
            "vendorCode": "vendorCode",
            "version": "0.1",
            "views": Object {
              "component": Object {
                "aspectHeight": 3000,
                "aspectWidth": 2500,
                "canLinkExternalContent": false,
                "viewerUrl": "https://test:8080",
                "zoom": false,
                "zoomPixels": 100,
              },
              "config": Object {
                "canLinkExternalContent": false,
                "viewerUrl": "https://test:8080",
              },
              "liveConfig": Object {
                "canLinkExternalContent": false,
                "viewerUrl": "https://test:8080",
              },
              "mobile": Object {
                "viewerUrl": "https://test:8080",
              },
              "panel": Object {
                "canLinkExternalContent": false,
                "height": 300,
                "viewerUrl": "https://test:8080",
              },
              "videoOverlay": Object {
                "canLinkExternalContent": false,
                "viewerUrl": "https://test:8080",
              },
            },
            "whitelistedConfigUrls": Array [
              "foo",
            ],
            "whitelistedPanelUrls": Array [
              "bar",
            ],
          }
    }
    frameId="0"
    iframe=""
    installationAbilities={
        Object {
            "isChatEnabled": true,
          }
    }
    isPopout={false}
    mode="viewer"
    type="panel"
/>,
  Symbol(enzyme.__renderer__): Object {
    "batchedUpdates": [Function],
    "getNode": [Function],
    "render": [Function],
    "simulateEvent": [Function],
    "unmount": [Function],
  },
  Symbol(enzyme.__node__): Object {
    "instance": null,
    "key": undefined,
    "nodeType": "host",
    "props": Object {
      "className": "rig-frame extension-frame",
      "frameBorder": 0,
      "src": "/extension-frame.html",
      "title": "0",
    },
    "ref": [Function],
    "rendered": null,
    "type": "iframe",
  },
  Symbol(enzyme.__nodes__): Array [
    Object {
      "instance": null,
      "key": undefined,
      "nodeType": "host",
      "props": Object {
        "className": "rig-frame extension-frame",
        "frameBorder": 0,
        "src": "/extension-frame.html",
        "title": "0",
      },
      "ref": [Function],
      "rendered": null,
      "type": "iframe",
    },
  ],
  Symbol(enzyme.__options__): Object {
    "adapter": ReactSixteenAdapter {
      "options": Object {
        "enableComponentDidUpdateOnSetState": true,
      },
    },
  },
}
`;

exports[`<ExtensionFrame /> when in video overlay mode renders correctly 1`] = `
ShallowWrapper {
  "length": 1,
  Symbol(enzyme.__root__): [Circular],
  Symbol(enzyme.__unrendered__): <ExtensionFrame
    bindIframeToParent={[Function]}
    channelId="twitch"
    className="view"
    extension={
        Object {
            "authorName": "test",
            "bitsEnabled": false,
            "clientId": "mockClientId",
            "description": "description",
            "iconUrl": "iconUrl",
            "iconUrls": Object {
              "square100": "100x100",
            },
            "id": "id",
            "name": "name",
            "requestIdentityLink": false,
            "sku": "sku",
            "state": "Released",
            "summary": "summary",
            "token": "token",
            "vendorCode": "vendorCode",
            "version": "0.1",
            "views": Object {
              "component": Object {
                "aspectHeight": 3000,
                "aspectWidth": 2500,
                "canLinkExternalContent": false,
                "viewerUrl": "https://test:8080",
                "zoom": false,
                "zoomPixels": 100,
              },
              "config": Object {
                "canLinkExternalContent": false,
                "viewerUrl": "https://test:8080",
              },
              "liveConfig": Object {
                "canLinkExternalContent": false,
                "viewerUrl": "https://test:8080",
              },
              "mobile": Object {
                "viewerUrl": "https://test:8080",
              },
              "panel": Object {
                "canLinkExternalContent": false,
                "height": 300,
                "viewerUrl": "https://test:8080",
              },
              "videoOverlay": Object {
                "canLinkExternalContent": false,
                "viewerUrl": "https://test:8080",
              },
            },
            "whitelistedConfigUrls": Array [
              "foo",
            ],
            "whitelistedPanelUrls": Array [
              "bar",
            ],
          }
    }
    frameId="0"
    iframe=""
    installationAbilities={
        Object {
            "isChatEnabled": true,
          }
    }
    isPopout={false}
    mode="viewer"
    type="video_overlay"
/>,
  Symbol(enzyme.__renderer__): Object {
    "batchedUpdates": [Function],
    "getNode": [Function],
    "render": [Function],
    "simulateEvent": [Function],
    "unmount": [Function],
  },
  Symbol(enzyme.__node__): Object {
    "instance": null,
    "key": undefined,
    "nodeType": "host",
    "props": Object {
      "className": "rig-frame extension-frame",
      "frameBorder": 0,
      "src": "/extension-frame.html",
      "title": "0",
    },
    "ref": [Function],
    "rendered": null,
    "type": "iframe",
  },
  Symbol(enzyme.__nodes__): Array [
    Object {
      "instance": null,
      "key": undefined,
      "nodeType": "host",
      "props": Object {
        "className": "rig-frame extension-frame",
        "frameBorder": 0,
        "src": "/extension-frame.html",
        "title": "0",
      },
      "ref": [Function],
      "rendered": null,
      "type": "iframe",
    },
  ],
  Symbol(enzyme.__options__): Object {
    "adapter": ReactSixteenAdapter {
      "options": Object {
        "enableComponentDidUpdateOnSetState": true,
      },
    },
  },
}
`;

exports[`<ExtensionFrame /> when in video overlay mode renders correctly 2`] = `
ShallowWrapper {
  "length": 1,
  Symbol(enzyme.__root__): [Circular],
  Symbol(enzyme.__unrendered__): <ExtensionFrame
    bindIframeToParent={[Function]}
    channelId="twitch"
    className="view"
    extension={
        Object {
            "authorName": "test",
            "bitsEnabled": false,
            "clientId": "mockClientId",
            "description": "description",
            "iconUrl": "iconUrl",
            "iconUrls": Object {
              "square100": "100x100",
            },
            "id": "id",
            "name": "name",
            "requestIdentityLink": false,
            "sku": "sku",
            "state": "Released",
            "summary": "summary",
            "token": "token",
            "vendorCode": "vendorCode",
            "version": "0.1",
            "views": Object {
              "component": Object {
                "aspectHeight": 3000,
                "aspectWidth": 2500,
                "canLinkExternalContent": false,
                "viewerUrl": "https://test:8080",
                "zoom": false,
                "zoomPixels": 100,
              },
              "config": Object {
                "canLinkExternalContent": false,
                "viewerUrl": "https://test:8080",
              },
              "liveConfig": Object {
                "canLinkExternalContent": false,
                "viewerUrl": "https://test:8080",
              },
              "mobile": Object {
                "viewerUrl": "https://test:8080",
              },
              "panel": Object {
                "canLinkExternalContent": false,
                "height": 300,
                "viewerUrl": "https://test:8080",
              },
              "videoOverlay": Object {
                "canLinkExternalContent": false,
                "viewerUrl": "https://test:8080",
              },
            },
            "whitelistedConfigUrls": Array [
              "foo",
            ],
            "whitelistedPanelUrls": Array [
              "bar",
            ],
          }
    }
    frameId="0"
    iframe=""
    installationAbilities={
        Object {
            "isChatEnabled": true,
          }
    }
    isPopout={false}
    mode="viewer"
    type="video_overlay"
/>,
  Symbol(enzyme.__renderer__): Object {
    "batchedUpdates": [Function],
    "getNode": [Function],
    "render": [Function],
    "simulateEvent": [Function],
    "unmount": [Function],
  },
  Symbol(enzyme.__node__): Object {
    "instance": null,
    "key": undefined,
    "nodeType": "host",
    "props": Object {
      "className": "rig-frame extension-frame",
      "frameBorder": 0,
      "src": "/extension-frame.html",
      "title": "0",
    },
    "ref": [Function],
    "rendered": null,
    "type": "iframe",
  },
  Symbol(enzyme.__nodes__): Array [
    Object {
      "instance": null,
      "key": undefined,
      "nodeType": "host",
      "props": Object {
        "className": "rig-frame extension-frame",
        "frameBorder": 0,
        "src": "/extension-frame.html",
        "title": "0",
      },
      "ref": [Function],
      "rendered": null,
      "type": "iframe",
    },
  ],
  Symbol(enzyme.__options__): Object {
    "adapter": ReactSixteenAdapter {
      "options": Object {
        "enableComponentDidUpdateOnSetState": true,
      },
    },
  },
}
`;
